// Jest Snapshot v1, https://goo.gl/fbAQLP

exports[`renders 1`] = `
<View
  style={
    Object {
      "backgroundColor": "#fff",
      "flex": 1,
    }
  }
>
  <RCTScrollView
    contentContainerStyle={
      Object {
        "paddingHorizontal": 20,
        "paddingTop": 30,
      }
    }
    style={
      Object {
        "backgroundColor": "#fff",
        "flex": 1,
      }
    }
  >
    <View>
      <Text
        style={
          Object {
            "fontSize": 24,
            "fontWeight": "bold",
            "textAlign": "center",
          }
        }
      >
        Who's here?
      </Text>
      <View
        style={
          Object {
            "flexDirection": "row",
            "flexWrap": "wrap",
            "justifyContent": "center",
          }
        }
      >
        <View
          accessible={true}
          isTVSelectable={true}
          onResponderGrant={[Function]}
          onResponderMove={[Function]}
          onResponderRelease={[Function]}
          onResponderTerminate={[Function]}
          onResponderTerminationRequest={[Function]}
          onStartShouldSetResponder={[Function]}
          style={
            Object {
              "alignItems": "center",
              "backgroundColor": "#CFD8DC",
              "borderRadius": 90,
              "elevation": 2,
              "height": 90,
              "justifyContent": "center",
              "margin": 10,
              "opacity": 1,
              "shadowColor": "rgba(0,0,0, .4)",
              "shadowOffset": Object {
                "height": 1,
                "width": 1,
              },
              "shadowOpacity": 1,
              "shadowRadius": 1,
              "width": 90,
            }
          }
        >
          <Text
            style={
              Object {
                "color": "black",
                "fontWeight": "bold",
                "textAlign": "center",
              }
            }
          >
            Aaron
          </Text>
        </View>
        <View
          accessible={true}
          isTVSelectable={true}
          onResponderGrant={[Function]}
          onResponderMove={[Function]}
          onResponderRelease={[Function]}
          onResponderTerminate={[Function]}
          onResponderTerminationRequest={[Function]}
          onStartShouldSetResponder={[Function]}
          style={
            Object {
              "alignItems": "center",
              "backgroundColor": "#CFD8DC",
              "borderRadius": 90,
              "elevation": 2,
              "height": 90,
              "justifyContent": "center",
              "margin": 10,
              "opacity": 1,
              "shadowColor": "rgba(0,0,0, .4)",
              "shadowOffset": Object {
                "height": 1,
                "width": 1,
              },
              "shadowOpacity": 1,
              "shadowRadius": 1,
              "width": 90,
            }
          }
        >
          <Text
            style={
              Object {
                "color": "black",
                "fontWeight": "bold",
                "textAlign": "center",
              }
            }
          >
            Barak
          </Text>
        </View>
        <View
          accessible={true}
          isTVSelectable={true}
          onResponderGrant={[Function]}
          onResponderMove={[Function]}
          onResponderRelease={[Function]}
          onResponderTerminate={[Function]}
          onResponderTerminationRequest={[Function]}
          onStartShouldSetResponder={[Function]}
          style={
            Object {
              "alignItems": "center",
              "backgroundColor": "#CFD8DC",
              "borderRadius": 90,
              "elevation": 2,
              "height": 90,
              "justifyContent": "center",
              "margin": 10,
              "opacity": 1,
              "shadowColor": "rgba(0,0,0, .4)",
              "shadowOffset": Object {
                "height": 1,
                "width": 1,
              },
              "shadowOpacity": 1,
              "shadowRadius": 1,
              "width": 90,
            }
          }
        >
          <Text
            style={
              Object {
                "color": "black",
                "fontWeight": "bold",
                "textAlign": "center",
              }
            }
          >
            Cheryl
          </Text>
        </View>
        <View
          accessible={true}
          isTVSelectable={true}
          onResponderGrant={[Function]}
          onResponderMove={[Function]}
          onResponderRelease={[Function]}
          onResponderTerminate={[Function]}
          onResponderTerminationRequest={[Function]}
          onStartShouldSetResponder={[Function]}
          style={
            Object {
              "alignItems": "center",
              "backgroundColor": "#CFD8DC",
              "borderRadius": 90,
              "elevation": 2,
              "height": 90,
              "justifyContent": "center",
              "margin": 10,
              "opacity": 1,
              "shadowColor": "rgba(0,0,0, .4)",
              "shadowOffset": Object {
                "height": 1,
                "width": 1,
              },
              "shadowOpacity": 1,
              "shadowRadius": 1,
              "width": 90,
            }
          }
        >
          <Text
            style={
              Object {
                "color": "black",
                "fontWeight": "bold",
                "textAlign": "center",
              }
            }
          >
            Daniel
          </Text>
        </View>
        <View
          accessible={true}
          isTVSelectable={true}
          onResponderGrant={[Function]}
          onResponderMove={[Function]}
          onResponderRelease={[Function]}
          onResponderTerminate={[Function]}
          onResponderTerminationRequest={[Function]}
          onStartShouldSetResponder={[Function]}
          style={
            Object {
              "alignItems": "center",
              "backgroundColor": "#CFD8DC",
              "borderRadius": 90,
              "elevation": 2,
              "height": 90,
              "justifyContent": "center",
              "margin": 10,
              "opacity": 1,
              "shadowColor": "rgba(0,0,0, .4)",
              "shadowOffset": Object {
                "height": 1,
                "width": 1,
              },
              "shadowOpacity": 1,
              "shadowRadius": 1,
              "width": 90,
            }
          }
        >
          <Text
            style={
              Object {
                "color": "black",
                "fontWeight": "bold",
                "textAlign": "center",
              }
            }
          >
            Jeremy
          </Text>
        </View>
        <View
          accessible={true}
          isTVSelectable={true}
          onResponderGrant={[Function]}
          onResponderMove={[Function]}
          onResponderRelease={[Function]}
          onResponderTerminate={[Function]}
          onResponderTerminationRequest={[Function]}
          onStartShouldSetResponder={[Function]}
          style={
            Object {
              "alignItems": "center",
              "backgroundColor": "#CFD8DC",
              "borderRadius": 90,
              "elevation": 2,
              "height": 90,
              "justifyContent": "center",
              "margin": 10,
              "opacity": 1,
              "shadowColor": "rgba(0,0,0, .4)",
              "shadowOffset": Object {
                "height": 1,
                "width": 1,
              },
              "shadowOpacity": 1,
              "shadowRadius": 1,
              "width": 90,
            }
          }
        >
          <Text
            style={
              Object {
                "color": "black",
                "fontWeight": "bold",
                "textAlign": "center",
              }
            }
          >
            Josh
          </Text>
        </View>
        <View
          accessible={true}
          isTVSelectable={true}
          onResponderGrant={[Function]}
          onResponderMove={[Function]}
          onResponderRelease={[Function]}
          onResponderTerminate={[Function]}
          onResponderTerminationRequest={[Function]}
          onStartShouldSetResponder={[Function]}
          style={
            Object {
              "alignItems": "center",
              "backgroundColor": "#CFD8DC",
              "borderRadius": 90,
              "elevation": 2,
              "height": 90,
              "justifyContent": "center",
              "margin": 10,
              "opacity": 1,
              "shadowColor": "rgba(0,0,0, .4)",
              "shadowOffset": Object {
                "height": 1,
                "width": 1,
              },
              "shadowOpacity": 1,
              "shadowRadius": 1,
              "width": 90,
            }
          }
        >
          <Text
            style={
              Object {
                "color": "black",
                "fontWeight": "bold",
                "textAlign": "center",
              }
            }
          >
            Noah
          </Text>
        </View>
        <View
          accessible={true}
          isTVSelectable={true}
          onResponderGrant={[Function]}
          onResponderMove={[Function]}
          onResponderRelease={[Function]}
          onResponderTerminate={[Function]}
          onResponderTerminationRequest={[Function]}
          onStartShouldSetResponder={[Function]}
          style={
            Object {
              "alignItems": "center",
              "backgroundColor": "#CFD8DC",
              "borderRadius": 90,
              "elevation": 2,
              "height": 90,
              "justifyContent": "center",
              "margin": 10,
              "opacity": 1,
              "shadowColor": "rgba(0,0,0, .4)",
              "shadowOffset": Object {
                "height": 1,
                "width": 1,
              },
              "shadowOpacity": 1,
              "shadowRadius": 1,
              "width": 90,
            }
          }
        >
          <Text
            style={
              Object {
                "color": "black",
                "fontWeight": "bold",
                "textAlign": "center",
              }
            }
          >
            Raj
          </Text>
        </View>
        <View
          accessible={true}
          isTVSelectable={true}
          onResponderGrant={[Function]}
          onResponderMove={[Function]}
          onResponderRelease={[Function]}
          onResponderTerminate={[Function]}
          onResponderTerminationRequest={[Function]}
          onStartShouldSetResponder={[Function]}
          style={
            Object {
              "alignItems": "center",
              "backgroundColor": "#CFD8DC",
              "borderRadius": 90,
              "elevation": 2,
              "height": 90,
              "justifyContent": "center",
              "margin": 10,
              "opacity": 1,
              "shadowColor": "rgba(0,0,0, .4)",
              "shadowOffset": Object {
                "height": 1,
                "width": 1,
              },
              "shadowOpacity": 1,
              "shadowRadius": 1,
              "width": 90,
            }
          }
        >
          <Text
            style={
              Object {
                "color": "black",
                "fontWeight": "bold",
                "textAlign": "center",
              }
            }
          >
            Tyler
          </Text>
        </View>
        <View
          accessible={true}
          isTVSelectable={true}
          onResponderGrant={[Function]}
          onResponderMove={[Function]}
          onResponderRelease={[Function]}
          onResponderTerminate={[Function]}
          onResponderTerminationRequest={[Function]}
          onStartShouldSetResponder={[Function]}
          style={
            Object {
              "alignItems": "center",
              "backgroundColor": "#CFD8DC",
              "borderRadius": 90,
              "elevation": 2,
              "height": 90,
              "justifyContent": "center",
              "margin": 10,
              "opacity": 1,
              "shadowColor": "rgba(0,0,0, .4)",
              "shadowOffset": Object {
                "height": 1,
                "width": 1,
              },
              "shadowOpacity": 1,
              "shadowRadius": 1,
              "width": 90,
            }
          }
        >
          <Text
            style={
              Object {
                "fontSize": 32,
              }
            }
          >
            +
          </Text>
        </View>
      </View>
      <View
        accessible={true}
        isTVSelectable={true}
        onResponderGrant={[Function]}
        onResponderMove={[Function]}
        onResponderRelease={[Function]}
        onResponderTerminate={[Function]}
        onResponderTerminationRequest={[Function]}
        onStartShouldSetResponder={[Function]}
        style={
          Object {
            "alignItems": "center",
            "backgroundColor": "#21ba45",
            "borderRadius": 100,
            "height": 80,
            "justifyContent": "center",
            "margin": 10,
            "opacity": 0.4,
            "padding": 10,
          }
        }
      >
        <Text
          style={
            Object {
              "color": "white",
              "fontSize": 20,
              "fontWeight": "bold",
            }
          }
        >
          Next
        </Text>
      </View>
    </View>
  </RCTScrollView>
  <Modal
    animationType="none"
    hardwareAccelerated={false}
    hideModalContentWhileAnimating={false}
    onModalHide={[Function]}
    onRequestClose={[Function]}
    onSwipe={[Function]}
    scrollOffset={0}
    scrollOffsetMax={0}
    scrollTo={null}
    supportedOrientations={
      Array [
        "portrait",
        "landscape",
      ]
    }
    swipeDirection="down"
    swipeThreshold={100}
    transparent={true}
    visible={false}
  >
    <View
      accessible={true}
      onResponderGrant={[Function]}
      onResponderMove={[Function]}
      onResponderRelease={[Function]}
      onResponderTerminate={[Function]}
      onResponderTerminationRequest={[Function]}
      onStartShouldSetResponder={[Function]}
      style={
        Object {
          "backgroundColor": "black",
          "bottom": 0,
          "height": 1334,
          "left": 0,
          "opacity": 0,
          "position": "absolute",
          "right": 0,
          "top": 0,
          "width": 750,
        }
      }
    />
    <View
      hideModalContentWhileAnimating={false}
      onModalHide={[Function]}
      onMoveShouldSetResponder={[Function]}
      onMoveShouldSetResponderCapture={[Function]}
      onResponderEnd={[Function]}
      onResponderGrant={[Function]}
      onResponderMove={[Function]}
      onResponderReject={[Function]}
      onResponderRelease={[Function]}
      onResponderStart={[Function]}
      onResponderTerminate={[Function]}
      onResponderTerminationRequest={[Function]}
      onStartShouldSetResponder={[Function]}
      onStartShouldSetResponderCapture={[Function]}
      onSwipe={[Function]}
      pointerEvents="box-none"
      scrollOffset={0}
      scrollOffsetMax={0}
      scrollTo={null}
      style={
        Object {
          "flex": 1,
          "justifyContent": "flex-end",
          "left": 0,
          "margin": 0,
          "top": 0,
          "transform": Array [
            Object {
              "translateY": 0,
            },
          ],
        }
      }
      supportedOrientations={
        Array [
          "portrait",
          "landscape",
        ]
      }
      swipeDirection="down"
      swipeThreshold={100}
    >
      <View
        style={
          Object {
            "alignItems": "flex-start",
            "backgroundColor": "white",
            "borderRadius": 10,
            "flexDirection": "row",
            "height": "50%",
            "justifyContent": "space-between",
            "padding": 20,
          }
        }
      >
        <TextInput
          autoCapitalize="words"
          blurOnSubmit={false}
          enablesReturnKeyAutomatically={true}
          onChangeText={[Function]}
          onSubmitEditing={[Function]}
          placeholder="Guest name..."
          style={
            Object {
              "marginBottom": 10,
            }
          }
          value=""
        />
        <View
          accessible={true}
          isTVSelectable={true}
          onResponderGrant={[Function]}
          onResponderMove={[Function]}
          onResponderRelease={[Function]}
          onResponderTerminate={[Function]}
          onResponderTerminationRequest={[Function]}
          onStartShouldSetResponder={[Function]}
          style={
            Object {
              "alignItems": "flex-end",
              "opacity": 1,
            }
          }
        >
          <Text
            style={
              Object {
                "color": "#b7bfc6",
                "fontSize": 16,
              }
            }
          >
            Add
          </Text>
        </View>
      </View>
    </View>
  </Modal>
</View>
`;
