// Jest Snapshot v1, https://goo.gl/fbAQLP

exports[`renders 1`] = `
<View
  style={
    Object {
      "flexDirection": "row",
      "flexWrap": "wrap",
      "marginBottom": 20,
    }
  }
>
  <View
    style={
      Object {
        "alignItems": "center",
        "flexDirection": "row",
        "margin": 10,
      }
    }
  >
    <View
      style={
        Object {
          "alignItems": "center",
          "backgroundColor": "#2196F3",
          "borderColor": "black",
          "borderRadius": 20,
          "borderWidth": 2,
          "height": 40,
          "justifyContent": "center",
          "width": 40,
          "zIndex": 2,
        }
      }
    >
      <Text
        style={
          Object {
            "color": "white",
            "fontSize": 14,
            "fontWeight": "bold",
            "textAlign": "center",
          }
        }
      >
        f
      </Text>
    </View>
    <View
      style={
        Object {
          "alignItems": "center",
          "backgroundColor": "#2196F3",
          "borderColor": "black",
          "borderRadius": 20,
          "borderWidth": 2,
          "height": 40,
          "justifyContent": "center",
          "marginLeft": -7,
          "width": 40,
          "zIndex": 1,
        }
      }
    >
      <Text
        style={
          Object {
            "color": "white",
            "fontSize": 14,
            "fontWeight": "bold",
            "textAlign": "center",
          }
        }
      >
        b
      </Text>
    </View>
  </View>
</View>
`;
